// Jest Snapshot v1, https://goo.gl/fbAQLP

exports[`Header Component should be rendered Should be rendered 1`] = `ShallowWrapper {}`;

exports[`Header Component should be rendered renders properly 1`] = `ShallowWrapper {}`;
